{
  "url": "https://api.github.com/repos/saeedmoh4444/galaxy-of-beauty/branches/master/protection",
  "required_status_checks": {
    "url": "https://api.github.com/repos/saeedmoh4444/galaxy-of-beauty/branches/master/protection/required_status_checks",
    "strict": false,
    "contexts": [
      "Format (Prettier)",
      "Dependency Audit",
      "Type Check",
      "Lint",
      "Unit Tests",
      "Build",
      "E2E (Playwright)"
    ],
    "contexts_url": "https://api.github.com/repos/saeedmoh4444/galaxy-of-beauty/branches/master/protection/required_status_checks/contexts",
    "checks": [
      {
        "context": "Format (Prettier)",
        "app_id": 15368
      },
      {
        "context": "Dependency Audit",
        "app_id": 15368
      },
      {
        "context": "Type Check",
        "app_id": 15368
      },
      {
        "context": "Lint",
        "app_id": 15368
      },
      {
        "context": "Unit Tests",
        "app_id": 15368
      },
      {
        "context": "Build",
        "app_id": 15368
      },
      {
        "context": "E2E (Playwright)",
        "app_id": 15368
      }
    ]
  },
  "required_pull_request_reviews": {
    "url": "https://api.github.com/repos/saeedmoh4444/galaxy-of-beauty/branches/master/protection/required_pull_request_reviews",
    "dismiss_stale_reviews": true,
    "require_code_owner_reviews": false,
    "require_last_push_approval": false,
    "required_approving_review_count": 0
  },
  "required_signatures": {
    "url": "https://api.github.com/repos/saeedmoh4444/galaxy-of-beauty/branches/master/protection/required_signatures",
    "enabled": false
  },
  "enforce_admins": {
    "url": "https://api.github.com/repos/saeedmoh4444/galaxy-of-beauty/branches/master/protection/enforce_admins",
    "enabled": true
  },
  "required_linear_history": {
    "enabled": false
  },
  "allow_force_pushes": {
    "enabled": false
  },
  "allow_deletions": {
    "enabled": false
  },
  "block_creations": {
    "enabled": false
  },
  "required_conversation_resolution": {
    "enabled": false
  },
  "lock_branch": {
    "enabled": false
  },
  "allow_fork_syncing": {
    "enabled": false
  }
}
